// Jest Snapshot v1, https://goo.gl/fbAQLP

exports[`App should renders the component 1`] = `
<div
  className="App"
>
  <Header />
  <ErrorBoundary>
    <Bills
      bills={Array []}
      categories={Array []}
    />
  </ErrorBoundary>
</div>
`;

exports[`renders the component 1`] = `
<div
  className="App"
>
  <Header />
  <ErrorBoundary>
    <Bills
      bills={Array []}
      categories={Array []}
    />
  </ErrorBoundary>
</div>
`;
